// Jest Snapshot v1, https://goo.gl/fbAQLP

exports[`Navbar it renders with given state from Redux store 1`] = `
<nav
  className="nav-wrapper blue darken-3"
>
  <div
    className="cointainer"
  >
    <a
      className="brand-logo"
      href="/"
    >
      <svg
        fill="currentColor"
        height="1em"
        stroke="currentColor"
        strokeWidth="0"
        style={
          Object {
            "color": undefined,
          }
        }
        viewBox="0 0 24 24"
        width="1em"
        xmlns="http://www.w3.org/2000/svg"
      >
        <path
          d="M19,2.01H6c-1.206,0-3,0.799-3,3v3v6v3v2c0,2.201,1.794,3,3,3h15v-2H6.012C5.55,19.998,5,19.815,5,19.01 c0-0.101,0.009-0.191,0.024-0.273c0.112-0.575,0.583-0.717,0.987-0.727H20c0.018,0,0.031-0.009,0.049-0.01H21v-0.99V15V4.01 C21,2.907,20.103,2.01,19,2.01z M19,16.01H5v-2v-6v-3c0-0.806,0.55-0.988,1-1h7v7l2-1l2,1v-7h2V15V16.01z"
        />
      </svg>
       Todo App
    </a>
    <ul
      className="right"
    >
      <a
        href="/"
        onClick={[Function]}
      >
        Log Out
      </a>
    </ul>
    <ul
      className="right"
    >
      <span>
        Hello, 
        TestName
         :)
      </span>
    </ul>
  </div>
</nav>
`;
